
===========================================================================
 report_power
============================================================================
======================= Fastest Corner ===================================

Group                  Internal  Switching    Leakage      Total
                          Power      Power      Power      Power (Watts)
----------------------------------------------------------------
Sequential             2.67e-04   4.76e-05   7.40e-10   3.14e-04  33.4%
Combinational          2.75e-04   3.52e-04   4.21e-09   6.27e-04  66.6%
Macro                  0.00e+00   0.00e+00   0.00e+00   0.00e+00   0.0%
Pad                    0.00e+00   0.00e+00   0.00e+00   0.00e+00   0.0%
----------------------------------------------------------------
Total                  5.42e-04   4.00e-04   4.95e-09   9.42e-04 100.0%
                          57.5%      42.5%       0.0%

======================= Slowest Corner ===================================

Group                  Internal  Switching    Leakage      Total
                          Power      Power      Power      Power (Watts)
----------------------------------------------------------------
Sequential             1.80e-04   3.12e-05   7.14e-07   2.12e-04  32.8%
Combinational          2.01e-04   2.32e-04   2.04e-06   4.35e-04  67.2%
Macro                  0.00e+00   0.00e+00   0.00e+00   0.00e+00   0.0%
Pad                    0.00e+00   0.00e+00   0.00e+00   0.00e+00   0.0%
----------------------------------------------------------------
Total                  3.81e-04   2.63e-04   2.75e-06   6.47e-04 100.0%
                          58.9%      40.6%       0.4%

======================= Typical Corner ===================================

Group                  Internal  Switching    Leakage      Total
                          Power      Power      Power      Power (Watts)
----------------------------------------------------------------
Sequential             2.31e-04   4.00e-05   4.05e-10   2.71e-04  33.3%
Combinational          2.46e-04   2.97e-04   2.65e-09   5.43e-04  66.7%
Macro                  0.00e+00   0.00e+00   0.00e+00   0.00e+00   0.0%
Pad                    0.00e+00   0.00e+00   0.00e+00   0.00e+00   0.0%
----------------------------------------------------------------
Total                  4.77e-04   3.37e-04   3.05e-09   8.14e-04 100.0%
                          58.6%      41.4%       0.0%

